// Jest Snapshot v1, https://goo.gl/fbAQLP

exports[`<LanguagesSelector /> matches snapshot 1`] = `
<div
  className="LanguagesSelector__Wrapper-sc-1ww3ozx-0 hvFoEs"
>
  <div
    className="LanguageSelect__SelectWrapper-sc-1umrqq7-0 iZfAxW"
  >
    <select
      aria-label="select-language"
      className="LanguageSelect__LanguageSelectStyle-sc-1umrqq7-1 nRspY"
      data-testid="SourceLanguage"
      name="SourceLanguage"
    >
      <option
        className="LanguageSelect__LangStyleOption-sc-1umrqq7-2"
        data-testid="SourceLanguage-option"
        value="EN"
      >
        English
      </option>
    </select>
  </div>
  <div
    className="LanguagesSelector__SvgWrapper-sc-1ww3ozx-1 FPuDG"
  >
    <svg
      focusable="false"
      viewBox="0 0 24 24"
      xmlns="http://www.w3.org/2000/svg"
    >
      <path
        d="M6.99 11L3 15l3.99 4v-3H14v-2H6.99v-3zM21 9l-3.99-4v3H10v2h7.01v3L21 9z"
      />
    </svg>
  </div>
  <div
    className="LanguageSelect__SelectWrapper-sc-1umrqq7-0 iZfAxW"
  >
    <select
      aria-label="select-language"
      className="LanguageSelect__LanguageSelectStyle-sc-1umrqq7-1 nRspY"
      data-testid="TargetLanguage"
      name="TargetLanguage"
      onChange={[Function]}
    >
      <option
        className="LanguageSelect__LangStyleOption-sc-1umrqq7-2"
        data-testid="TargetLanguage-option"
        value="BG"
      >
        Bulgarian
      </option>
      <option
        className="LanguageSelect__LangStyleOption-sc-1umrqq7-2"
        data-testid="TargetLanguage-option"
        value="CS"
      >
        Czech
      </option>
      <option
        className="LanguageSelect__LangStyleOption-sc-1umrqq7-2"
        data-testid="TargetLanguage-option"
        value="DA"
      >
        Danish
      </option>
      <option
        className="LanguageSelect__LangStyleOption-sc-1umrqq7-2"
        data-testid="TargetLanguage-option"
        value="DE"
      >
        German
      </option>
      <option
        className="LanguageSelect__LangStyleOption-sc-1umrqq7-2"
        data-testid="TargetLanguage-option"
        value="EL"
      >
        Greek
      </option>
      <option
        className="LanguageSelect__LangStyleOption-sc-1umrqq7-2"
        data-testid="TargetLanguage-option"
        value="EN-GB"
      >
        English (British)
      </option>
      <option
        className="LanguageSelect__LangStyleOption-sc-1umrqq7-2"
        data-testid="TargetLanguage-option"
        value="EN-US"
      >
        English (American)
      </option>
      <option
        className="LanguageSelect__LangStyleOption-sc-1umrqq7-2"
        data-testid="TargetLanguage-option"
        value="ES"
      >
        Spanish
      </option>
      <option
        className="LanguageSelect__LangStyleOption-sc-1umrqq7-2"
        data-testid="TargetLanguage-option"
        value="ET"
      >
        Estonian
      </option>
      <option
        className="LanguageSelect__LangStyleOption-sc-1umrqq7-2"
        data-testid="TargetLanguage-option"
        value="FI"
      >
        Finnish
      </option>
      <option
        className="LanguageSelect__LangStyleOption-sc-1umrqq7-2"
        data-testid="TargetLanguage-option"
        value="FR"
      >
        French
      </option>
      <option
        className="LanguageSelect__LangStyleOption-sc-1umrqq7-2"
        data-testid="TargetLanguage-option"
        value="HU"
      >
        Hungarian
      </option>
      <option
        className="LanguageSelect__LangStyleOption-sc-1umrqq7-2"
        data-testid="TargetLanguage-option"
        value="IT"
      >
        Italian
      </option>
      <option
        className="LanguageSelect__LangStyleOption-sc-1umrqq7-2"
        data-testid="TargetLanguage-option"
        value="JA"
      >
        Japanese
      </option>
      <option
        className="LanguageSelect__LangStyleOption-sc-1umrqq7-2"
        data-testid="TargetLanguage-option"
        value="LT"
      >
        Lithuanian
      </option>
      <option
        className="LanguageSelect__LangStyleOption-sc-1umrqq7-2"
        data-testid="TargetLanguage-option"
        value="LV"
      >
        Latvian
      </option>
      <option
        className="LanguageSelect__LangStyleOption-sc-1umrqq7-2"
        data-testid="TargetLanguage-option"
        value="NL"
      >
        Dutch
      </option>
      <option
        className="LanguageSelect__LangStyleOption-sc-1umrqq7-2"
        data-testid="TargetLanguage-option"
        value="PL"
      >
        Polish
      </option>
      <option
        className="LanguageSelect__LangStyleOption-sc-1umrqq7-2"
        data-testid="TargetLanguage-option"
        value="PT-PT"
      >
        Portuguese
      </option>
      <option
        className="LanguageSelect__LangStyleOption-sc-1umrqq7-2"
        data-testid="TargetLanguage-option"
        value="PT-BR"
      >
        Portuguese (Brazilian)
      </option>
      <option
        className="LanguageSelect__LangStyleOption-sc-1umrqq7-2"
        data-testid="TargetLanguage-option"
        value="RO"
      >
        Romanian
      </option>
      <option
        className="LanguageSelect__LangStyleOption-sc-1umrqq7-2"
        data-testid="TargetLanguage-option"
        value="RU"
      >
        Russian
      </option>
      <option
        className="LanguageSelect__LangStyleOption-sc-1umrqq7-2"
        data-testid="TargetLanguage-option"
        value="SK"
      >
        Slovak
      </option>
      <option
        className="LanguageSelect__LangStyleOption-sc-1umrqq7-2"
        data-testid="TargetLanguage-option"
        value="SL"
      >
        Slovenian
      </option>
      <option
        className="LanguageSelect__LangStyleOption-sc-1umrqq7-2"
        data-testid="TargetLanguage-option"
        value="SV"
      >
        Swedish
      </option>
      <option
        className="LanguageSelect__LangStyleOption-sc-1umrqq7-2"
        data-testid="TargetLanguage-option"
        value="ZH"
      >
        Chinese
      </option>
    </select>
  </div>
</div>
`;
